// Jest Snapshot v1, https://goo.gl/fbAQLP

exports[`Root component should renders itself and children 1`] = `
<Provider
  store={
    Object {
      "clearActions": [Function],
      "dispatch": [Function],
      "getActions": [Function],
      "getState": [Function],
      "replaceReducer": [Function],
      "subscribe": [Function],
    }
  }
>
  <CookiesProvider
    cookies={
      Cookies {
        "HAS_DOCUMENT_COOKIE": false,
        "changeListeners": Array [],
        "cookies": Object {},
      }
    }
  >
    <Connect(RawI18nConnected)>
      <Connect(ConnectedRouterWithContext)
        history={
          Object {
            "action": "POP",
            "block": [Function],
            "createHref": [Function],
            "go": [Function],
            "goBack": [Function],
            "goForward": [Function],
            "length": 1,
            "listen": [Function],
            "location": Object {
              "hash": "",
              "pathname": "/",
              "search": "",
              "state": undefined,
            },
            "push": [Function],
            "replace": [Function],
          }
        }
      >
        <withCookies(Connect(RawJwtAuthenticator))>
          <Routes />
        </withCookies(Connect(RawJwtAuthenticator))>
      </Connect(ConnectedRouterWithContext)>
    </Connect(RawI18nConnected)>
  </CookiesProvider>
</Provider>
`;
