// Jest Snapshot v1, https://goo.gl/fbAQLP

exports[`I18nConnected component should render itself and children 1`] = `
<I18nProvider
  defaultRender={null}
  i18n={
    I18n {
      "_activeLanguageData": Object {
        "plurals": [Function],
      },
      "_activeMessages": Object {
        "Hello <0>{name}</0>! How are <1>you</1>?": [Function],
        "This is a test": "This is a test",
        "Today: {0,date}": [Function],
        "this is a test": "this is a test",
        "{0, plural, =0 {There is no banana :(} =666 {MOUHAHAHAHA I got my # bananas!!} one {Well, at leat we have one banana...} other {Look at all those bananas! We have at least # of them!!!!}}": [Function],
      },
      "_catalogs": Object {
        "en": Object {
          "languageData": Object {
            "plurals": [Function],
          },
          "messages": Object {
            "Hello <0>{name}</0>! How are <1>you</1>?": [Function],
            "This is a test": "This is a test",
            "Today: {0,date}": [Function],
            "this is a test": "this is a test",
            "{0, plural, =0 {There is no banana :(} =666 {MOUHAHAHAHA I got my # bananas!!} one {Well, at leat we have one banana...} other {Look at all those bananas! We have at least # of them!!!!}}": [Function],
          },
        },
        "fr": Object {
          "languageData": Object {
            "plurals": [Function],
          },
          "messages": Object {
            "Hello <0>{name}</0>! How are <1>you</1>?": [Function],
            "This is a test": "Ziz iz eu teste",
            "Today: {0,date}": [Function],
            "this is a test": "Ziz iz eu teste",
            "{0, plural, =0 {There is no banana :(} =666 {MOUHAHAHAHA I got my # bananas!!} one {Well, at leat we have one banana...} other {Look at all those bananas! We have at least # of them!!!!}}": [Function],
          },
        },
      },
      "_dev": Object {
        "compile": [Function],
        "loadLanguageData": [Function],
      },
      "_language": "en",
      "_locales": undefined,
      "plural": [Function],
      "select": [Function],
      "selectOrdinal": [Function],
      "t": [Function],
    }
  }
  language="en"
>
  <button />
</I18nProvider>
`;

exports[`I18nConnected component should render itself and children when connected 1`] = `
<ContextProvider
  value={
    Object {
      "store": Object {
        "clearActions": [Function],
        "dispatch": [Function],
        "getActions": [Function],
        "getState": [Function],
        "replaceReducer": [Function],
        "subscribe": [Function],
      },
      "subscription": Subscription {
        "handleChangeWrapper": [Function],
        "listeners": Object {
          "clear": [Function],
          "get": [Function],
          "notify": [Function],
          "subscribe": [Function],
        },
        "onStateChange": [Function],
        "parentSub": undefined,
        "store": Object {
          "clearActions": [Function],
          "dispatch": [Function],
          "getActions": [Function],
          "getState": [Function],
          "replaceReducer": [Function],
          "subscribe": [Function],
        },
        "unsubscribe": [Function],
      },
    }
  }
>
  <Connect(RawI18nConnected)>
    <button />
  </Connect(RawI18nConnected)>
</ContextProvider>
`;
