// Jest Snapshot v1, https://goo.gl/fbAQLP

exports[`AuthedRoute component should render itself and children 1`] = `
<Route
  path="blblbl"
  render={[Function]}
/>
`;

exports[`AuthedRoute component should render itself and children when connected 1`] = `
<Provider
  store={
    Object {
      "clearActions": [Function],
      "dispatch": [Function],
      "getActions": [Function],
      "getState": [Function],
      "replaceReducer": [Function],
      "subscribe": [Function],
    }
  }
>
  <Router
    history={
      Object {
        "action": "POP",
        "block": [Function],
        "createHref": [Function],
        "go": [Function],
        "goBack": [Function],
        "goForward": [Function],
        "length": 1,
        "listen": [Function],
        "location": Object {
          "hash": "",
          "pathname": "/",
          "search": "",
          "state": undefined,
        },
        "push": [Function],
        "replace": [Function],
      }
    }
  >
    <Connect(RawAuthedRoute)
      component={[Function]}
      logged={true}
      path="blblbl"
    >
      <RawAuthedRoute
        component={[Function]}
        dispatch={[Function]}
        logged={false}
        path="blblbl"
      >
        <Route
          dispatch={[Function]}
          path="blblbl"
          render={[Function]}
        />
      </RawAuthedRoute>
    </Connect(RawAuthedRoute)>
  </Router>
</Provider>
`;
